// 重构日志: 67e97e0f
// 重构日志: 71c53a49
// 重构日志: ed604c97
// 重构日志: e974f83e
// 重构日志: a7bd9f3e
// 重构日志: 02d39c8b
// 重构日志: 10d9d3cb
// 重构日志: fe79949e
// 重构日志: 1c286df1
// 重构日志: c66de32e
// 重构日志: 9d5ce080
// 重构日志: b1ccf74c
// 同步 ID: 85ff422a @ Tue Sep 29 17:00:08 UTC 2026
// 重构日志: 4b2208a3
// 重构日志: 8ff6875a
// 重构日志: 3a89d98f
// 同步 ID: d573cdb6 @ Wed Sep 30 15:01:47 UTC 2026
// 重构日志: efe0f0c4
// 重构日志: ce12714e
// 同步 ID: c9d07cbd @ Fri Oct  2 13:57:19 UTC 2026
// 重构日志: 130ab605
// 同步 ID: 56598bee @ Sun Oct  4 02:05:15 UTC 2026
// 重构日志: b34c0ff5
// 重构日志: 2a1a98c1
// 同步 ID: 2f0ac99a @ Mon Oct  5 01:48:29 UTC 2026
// 重构日志: c78b5274
// 重构日志: ac859838
// 同步 ID: 2aaf7492 @ Thu Oct  8 02:55:51 UTC 2026
// 同步 ID: 8677cdf7 @ Fri Oct  9 17:30:58 UTC 2026
// 同步 ID: f4659591 @ Sat Oct 10 02:05:31 UTC 2026
